  • electron-builder  version=25.1.8 os=10.0.26200
  ⨯ C:\Users\Admin\WorkBuddy\20260416094716\calendar-app\package.json: Expected double-quoted property name in JSON at position 406 (line 10 column 3)  failedTask=build stackTrace=SyntaxError: C:\Users\Admin\WorkBuddy\20260416094716\calendar-app\package.json: Expected double-quoted property name in JSON at position 406 (line 10 column 3)
    at JSON.parse (<anonymous>)
    at _readFile (C:\Users\Admin\WorkBuddy\20260416094716\calendar-app\node_modules\app-builder-lib\node_modules\jsonfile\index.js:25:16)
    at readPackageJson (C:\Users\Admin\WorkBuddy\20260416094716\calendar-app\node_modules\app-builder-lib\src\util\packageMetadata.ts:10:16)
    at Packager.validateConfig (C:\Users\Admin\WorkBuddy\20260416094716\calendar-app\node_modules\app-builder-lib\src\packager.ts:328:25)
    at Packager.build (C:\Users\Admin\WorkBuddy\20260416094716\calendar-app\node_modules\app-builder-lib\src\packager.ts:362:5)
    at executeFinally (C:\Users\Admin\WorkBuddy\20260416094716\calendar-app\node_modules\builder-util\src\promise.ts:12:14)
